I'm sorry, but errors were detected in your script. Please correct the
errors listed below, and try again.


File "game/screens.rpy", line 349: window expects a non-empty block.
    window:
           ^

Ren'Py Version: Ren'Py 6.99.3.404
